###############################################################################
#
# IAR ELF Linker V8.32.1.169/W32 for ARM                  20/Sep/2020  16:20:13
# Copyright 2007-2018 IAR Systems AB.
#
#    Output file  =  D:\Robot\WorkSpace\robot\EWARM\robot\Exe\robot.out
#    Map file     =  D:\Robot\WorkSpace\robot\EWARM\robot\List\robot.map
#    Command line =  
#        -f C:\Users\12530\AppData\Local\Temp\EW1E0.tmp
#        (D:\Robot\WorkSpace\robot\EWARM\robot\Obj\can.o
#        D:\Robot\WorkSpace\robot\EWARM\robot\Obj\can_func.o
#        D:\Robot\WorkSpace\robot\EWARM\robot\Obj\can_utils.o
#        D:\Robot\WorkSpace\robot\EWARM\robot\Obj\cmd.o
#        D:\Robot\WorkSpace\robot\EWARM\robot\Obj\cmd_func.o
#        D:\Robot\WorkSpace\robot\EWARM\robot\Obj\dma.o
#        D:\Robot\WorkSpace\robot\EWARM\robot\Obj\flags.o
#        D:\Robot\WorkSpace\robot\EWARM\robot\Obj\gpio.o
#        D:\Robot\WorkSpace\robot\EWARM\robot\Obj\hash.o
#        D:\Robot\WorkSpace\robot\EWARM\robot\Obj\main.o
#        D:\Robot\WorkSpace\robot\EWARM\robot\Obj\robomaster.o
#        D:\Robot\WorkSpace\robot\EWARM\robot\Obj\simplelib.o
#        D:\Robot\WorkSpace\robot\EWARM\robot\Obj\startup_stm32f103xb.o
#        D:\Robot\WorkSpace\robot\EWARM\robot\Obj\stm32f1xx_hal.o
#        D:\Robot\WorkSpace\robot\EWARM\robot\Obj\stm32f1xx_hal_can.o
#        D:\Robot\WorkSpace\robot\EWARM\robot\Obj\stm32f1xx_hal_cortex.o
#        D:\Robot\WorkSpace\robot\EWARM\robot\Obj\stm32f1xx_hal_dma.o
#        D:\Robot\WorkSpace\robot\EWARM\robot\Obj\stm32f1xx_hal_exti.o
#        D:\Robot\WorkSpace\robot\EWARM\robot\Obj\stm32f1xx_hal_flash.o
#        D:\Robot\WorkSpace\robot\EWARM\robot\Obj\stm32f1xx_hal_flash_ex.o
#        D:\Robot\WorkSpace\robot\EWARM\robot\Obj\stm32f1xx_hal_gpio.o
#        D:\Robot\WorkSpace\robot\EWARM\robot\Obj\stm32f1xx_hal_gpio_ex.o
#        D:\Robot\WorkSpace\robot\EWARM\robot\Obj\stm32f1xx_hal_msp.o
#        D:\Robot\WorkSpace\robot\EWARM\robot\Obj\stm32f1xx_hal_pwr.o
#        D:\Robot\WorkSpace\robot\EWARM\robot\Obj\stm32f1xx_hal_rcc.o
#        D:\Robot\WorkSpace\robot\EWARM\robot\Obj\stm32f1xx_hal_rcc_ex.o
#        D:\Robot\WorkSpace\robot\EWARM\robot\Obj\stm32f1xx_hal_tim.o
#        D:\Robot\WorkSpace\robot\EWARM\robot\Obj\stm32f1xx_hal_tim_ex.o
#        D:\Robot\WorkSpace\robot\EWARM\robot\Obj\stm32f1xx_hal_uart.o
#        D:\Robot\WorkSpace\robot\EWARM\robot\Obj\stm32f1xx_it.o
#        D:\Robot\WorkSpace\robot\EWARM\robot\Obj\sys.o
#        D:\Robot\WorkSpace\robot\EWARM\robot\Obj\system_stm32f1xx.o
#        D:\Robot\WorkSpace\robot\EWARM\robot\Obj\tim.o
#        D:\Robot\WorkSpace\robot\EWARM\robot\Obj\usart.o
#        D:\Robot\WorkSpace\robot\EWARM\robot\Obj\utils.o --redirect
#        _Printf=_PrintfFull --redirect _Scanf=_ScanfFull --no_out_extension -o
#        D:\Robot\WorkSpace\robot\EWARM\robot\Exe\robot.out --map
#        D:\Robot\WorkSpace\robot\EWARM\robot\List\robot.map --config
#        D:\Robot\WorkSpace\robot\EWARM/stm32f103xb_flash.icf --semihosting
#        --entry __iar_program_start --vfe --text_out locale)
#
###############################################################################

*******************************************************************************
*** RUNTIME MODEL ATTRIBUTES
***

CppFlavor       = *
__Heap_Handler  = DLMalloc
__SystemLibrary = DLib
__dlib_version  = 6


*******************************************************************************
*** HEAP SELECTION
***

The advanced heap was selected because the application calls memory
allocation functions outside of system library functions, and there
are calls to deallocation functions in the application.


*******************************************************************************
*** PLACEMENT SUMMARY
***

"A0":  place at 0x800'0000 { ro section .intvec };
"P1":  place in [from 0x800'0000 to 0x801'ffff] { ro };
define block CSTACK with size = 4608, alignment = 8 { };
define block HEAP with size = 4K, alignment = 8 { };
"P2":  place in [from 0x2000'0000 to 0x2000'4fff] {
          rw, block CSTACK, block HEAP };
initialize by copy { rw };

  Section            Kind         Address    Size  Object
  -------            ----         -------    ----  ------
"A0":                                        0xec
  .intvec            ro code   0x800'0000    0xec  startup_stm32f103xb.o [1]
                             - 0x800'00ec    0xec

"P1":                                      0x703a
  .text              ro code   0x800'00ec   0xf80  dlmalloc.o [2]
  .text              ro code   0x800'106c     0x6  abort.o [2]
  .text              ro code   0x800'1072    0x7a  lz77_init_single.o [4]
  .text              ro code   0x800'10ec    0x2c  xgetmemchunk.o [2]
  .text              ro code   0x800'1118    0x14  exit.o [5]
  .text              ro code   0x800'112c   0xf46  xprintffull.o [2]
  .text              ro code   0x800'2072    0x3a  zero_init3.o [4]
  .text              ro code   0x800'20ac    0xb4  xlocale_c.o [2]
  .text              ro code   0x800'2160    0x16  strchr.o [4]
  .text              ro code   0x800'2176    0x1e  xencoding_8859_1.o [2]
  .text              ro code   0x800'2194    0x40  xfail_s.o [2]
  .text              ro code   0x800'21d4    0x14  strlen_small.o [4]
  .text              ro code   0x800'21e8    0x58  memchr.o [4]
  .text              ro code   0x800'2240     0xa  xmbcurmax.o [2]
  .text              ro code   0x800'224a    0x1a  xsnprout.o [2]
  .text              ro code   0x800'2264    0x18  ABImemcpy_small.o [4]
  .text              ro code   0x800'227c   0x230  I64DivMod.o [4]
  .text              ro code   0x800'24ac   0x1a2  DblMul.o [3]
  .text              ro code   0x800'2650    0x70  frexp.o [3]
  .text              ro code   0x800'26c0    0x2e  DblCmpLe.o [3]
  .text              ro code   0x800'26f0    0x2e  DblCmpGe.o [3]
  .text              ro code   0x800'2720   0x13a  ldexp.o [3]
  .text              ro code   0x800'285c    0x3a  DblToS32.o [3]
  .text              ro code   0x800'2898    0x22  S32ToDbl.o [3]
  .text              ro code   0x800'28bc    0xe2  DblSub.o [3]
  .text              ro code   0x800'29a0   0x246  DblDiv.o [3]
  .text              ro code   0x800'2be8    0x28  DblToU32.o [3]
  .text              ro code   0x800'2c10    0x1a  U32ToDbl.o [3]
  .text              ro code   0x800'2c2c     0x2  I64DivZer.o [4]
  .text              ro code   0x800'2c30   0x17a  DblAdd.o [3]
  .text              ro code   0x800'2dac   0x644  stm32f1xx_hal_tim.o [1]
  .text              ro code   0x800'33f0   0x278  tim.o [1]
  .text              ro code   0x800'3668     0x2  stm32f1xx_hal_tim.o [1]
  .text              ro code   0x800'366a     0x2  stm32f1xx_hal_tim.o [1]
  .text              ro code   0x800'366c     0x2  stm32f1xx_hal_tim_ex.o [1]
  .text              ro code   0x800'366e     0x2  stm32f1xx_hal_tim.o [1]
  .text              ro code   0x800'3670     0x2  stm32f1xx_hal_tim_ex.o [1]
  .text              ro code   0x800'3672     0x2  stm32f1xx_hal_tim.o [1]
  .text              ro code   0x800'3674     0x6  ABImemclr4.o [4]
  .text              ro code   0x800'367c   0x100  main.o [1]
  .text              ro code   0x800'377c    0x64  stm32f1xx_hal_tim_ex.o [1]
  .text              ro code   0x800'37e0   0x1b4  stm32f1xx_hal_gpio.o [1]
  .text              ro code   0x800'3994    0xc4  stm32f1xx_hal_cortex.o [1]
  .text              ro code   0x800'3a58    0x32  ABImemset48.o [4]
  .text              ro code   0x800'3a8c    0x24  stm32f1xx_hal.o [1]
  .text              ro code   0x800'3ab0    0x44  gpio.o [1]
  .text              ro code   0x800'3af4    0x40  dma.o [1]
  .text              ro code   0x800'3b34    0xc8  can.o [1]
  .text              ro code   0x800'3bfc   0x11c  usart.o [1]
  .text              ro code   0x800'3d18    0x68  simplelib.o [1]
  .text              ro code   0x800'3d80   0x284  robomaster.o [1]
  .text              ro code   0x800'4004   0x2d0  cmd.o [1]
  .text              ro code   0x800'42d4   0x1c6  can_utils.o [1]
  .text              ro code   0x800'449c   0x4ca  stm32f1xx_hal_rcc.o [1]
  .text              ro code   0x800'4968    0x40  stm32f1xx_hal.o [1]
  .text              ro code   0x800'49a8    0x44  stm32f1xx_hal_msp.o [1]
  .text              ro code   0x800'49ec   0x60c  stm32f1xx_hal_can.o [1]
  .text              ro code   0x800'4ff8   0x530  stm32f1xx_hal_uart.o [1]
  .text              ro code   0x800'5528   0x342  stm32f1xx_hal_dma.o [1]
  .text              ro code   0x800'586c   0x2cc  cmd_func.o [1]
  .text              ro code   0x800'5b38    0xa8  can_func.o [1]
  .text              ro code   0x800'5be0    0x24  S32ToFlt.o [3]
  .text              ro code   0x800'5c04    0xd8  FltMul.o [3]
  .text              ro code   0x800'5cdc    0x2a  FltToS32.o [3]
  .text              ro code   0x800'5d08    0xe2  FltAdd.o [3]
  .text              ro code   0x800'5dec    0x9e  utils.o [1]
  .text              ro code   0x800'5e8c    0x24  FltCmpGe.o [3]
  .text              ro code   0x800'5eb0    0x24  FltCmpLe.o [3]
  .text              ro code   0x800'5ed4   0x214  hash.o [1]
  .text              ro code   0x800'60e8    0x1e  strncpy_small.o [4]
  .text              ro code   0x800'6108    0x4c  strtok.o [2]
  .text              ro code   0x800'6154    0x18  strcpy.o [4]
  .text              ro code   0x800'616c    0x3c  vsnprint.o [2]
  .text              ro code   0x800'61a8    0x12  strcmp.o [4]
  .text              ro code   0x800'61bc     0xc  stm32f1xx_hal.o [1]
  .text              ro code   0x800'61c8     0x2  stm32f1xx_hal_can.o [1]
  .text              ro code   0x800'61ca     0x2  stm32f1xx_hal_can.o [1]
  .text              ro code   0x800'61cc     0x2  stm32f1xx_hal_can.o [1]
  .text              ro code   0x800'61ce     0x2  stm32f1xx_hal_can.o [1]
  .text              ro code   0x800'61d0     0x2  stm32f1xx_hal_can.o [1]
  .text              ro code   0x800'61d2     0x2  stm32f1xx_hal_can.o [1]
  .text              ro code   0x800'61d4     0x2  stm32f1xx_hal_can.o [1]
  .text              ro code   0x800'61d6     0x2  stm32f1xx_hal_can.o [1]
  .text              ro code   0x800'61d8     0x2  stm32f1xx_hal_can.o [1]
  .text              ro code   0x800'61da     0x2  stm32f1xx_hal_can.o [1]
  .text              ro code   0x800'61dc     0x2  stm32f1xx_hal_can.o [1]
  .text              ro code   0x800'61de     0x2  stm32f1xx_hal_uart.o [1]
  .text              ro code   0x800'61e0     0x2  stm32f1xx_hal_uart.o [1]
  .text              ro code   0x800'61e2     0x2  stm32f1xx_hal_uart.o [1]
  .text              ro code   0x800'61e4     0x2  stm32f1xx_hal_uart.o [1]
  .text              ro code   0x800'61e8   0x14c  iar_Stoulx.o [2]
  .text              ro code   0x800'6334   0x404  strto64.o [3]
  .text              ro code   0x800'6738    0x68  DblToFlt.o [3]
  .text              ro code   0x800'67a0    0x48  FltToDbl.o [3]
  .text              ro code   0x800'67e8    0x80  FltSub.o [3]
  .text              ro code   0x800'6868    0x24  ABIassert.o [5]
  .text              ro code   0x800'688c    0x12  ABImemset_small.o [4]
  .text              ro code   0x800'689e    0x22  strspn.o [2]
  .text              ro code   0x800'68c0    0x22  strcspn.o [2]
  .text              ro code   0x800'68e2    0x14  isspace.o [2]
  .text              ro code   0x800'68f6    0x14  tolower.o [2]
  .text              ro code   0x800'690a   0x122  iar_Stopfx.o [2]
  .text              ro code   0x800'6a2c   0x1c4  iar_Stoflt.o [2]
  .text              ro code   0x800'6bf0   0x21c  iar_Stoxflt.o [2]
  .text              ro code   0x800'6e0c    0x14  isalpha.o [2]
  .text              ro code   0x800'6e20    0x58  stm32f1xx_it.o [1]
  .text              ro code   0x800'6e78    0x10  stm32f1xx_hal.o [1]
  .rodata            const     0x800'6e88    0x50  iar_Stoulx.o [2]
  .rodata            const     0x800'6ed8    0x24  cmd_func.o [1]
  .rodata            const     0x800'6f00    0x48  strto64.o [3]
  .rodata            const     0x800'6f48    0x30  hash.o [1]
  .text              ro code   0x800'6f78    0x28  data_init.o [4]
  .iar.init_table    const     0x800'6fa0    0x20  - Linker created -
  .text              ro code   0x800'6fc0    0x1e  cmain.o [4]
  .text              ro code   0x800'6fde     0x4  low_level_init.o [2]
  .text              ro code   0x800'6fe2     0x4  exit.o [2]
  .text              ro code   0x800'6fe8     0xa  cexit.o [4]
  .text              ro code   0x800'6ff4    0x14  system_stm32f1xx.o [1]
  .text              ro code   0x800'7008    0x10  startup_stm32f103xb.o [1]
  .text              ro code   0x800'7018     0xc  cstartup_M.o [4]
  .rodata            const     0x800'7024     0x8  system_stm32f1xx.o [1]
  .rodata            const     0x800'702c     0x6  xlocale_c.o [2]
  .text              ro code   0x800'7032     0x4  startup_stm32f103xb.o [1]
  .text              ro code   0x800'7036     0x4  startup_stm32f103xb.o [1]
  .text              ro code   0x800'703a     0x4  startup_stm32f103xb.o [1]
  .text              ro code   0x800'703e     0x4  startup_stm32f103xb.o [1]
  .text              ro code   0x800'7042     0x4  startup_stm32f103xb.o [1]
  .text              ro code   0x800'7046     0x4  startup_stm32f103xb.o [1]
  .text              ro code   0x800'704a     0x4  startup_stm32f103xb.o [1]
  .text              ro code   0x800'704e     0x4  startup_stm32f103xb.o [1]
  .text              ro code   0x800'7052     0x4  startup_stm32f103xb.o [1]
  .text              ro code   0x800'7056     0x4  startup_stm32f103xb.o [1]
  .text              ro code   0x800'705a     0x4  startup_stm32f103xb.o [1]
  .text              ro code   0x800'705e     0x4  startup_stm32f103xb.o [1]
  .text              ro code   0x800'7062     0x4  startup_stm32f103xb.o [1]
  .text              ro code   0x800'7066     0x4  startup_stm32f103xb.o [1]
  .text              ro code   0x800'706a     0x4  startup_stm32f103xb.o [1]
  .text              ro code   0x800'706e     0x4  startup_stm32f103xb.o [1]
  .text              ro code   0x800'7072     0x4  startup_stm32f103xb.o [1]
  .text              ro code   0x800'7076     0x4  startup_stm32f103xb.o [1]
  .text              ro code   0x800'707a     0x4  startup_stm32f103xb.o [1]
  .text              ro code   0x800'707e     0x4  startup_stm32f103xb.o [1]
  .text              ro code   0x800'7082     0x4  startup_stm32f103xb.o [1]
  .text              ro code   0x800'7086     0x4  startup_stm32f103xb.o [1]
  .text              ro code   0x800'708a     0x4  startup_stm32f103xb.o [1]
  .text              ro code   0x800'708e     0x4  startup_stm32f103xb.o [1]
  .text              ro code   0x800'7092     0x4  startup_stm32f103xb.o [1]
  .text              ro code   0x800'7096     0x4  startup_stm32f103xb.o [1]
  .text              ro code   0x800'709a     0x4  startup_stm32f103xb.o [1]
  .text              ro code   0x800'709e     0x4  startup_stm32f103xb.o [1]
  .text              ro code   0x800'70a2     0x4  startup_stm32f103xb.o [1]
  .text              ro code   0x800'70a6     0x4  startup_stm32f103xb.o [1]
  .text              ro code   0x800'70aa     0x4  startup_stm32f103xb.o [1]
  .text              ro code   0x800'70ae     0x4  startup_stm32f103xb.o [1]
  .text              ro code   0x800'70b2     0x4  startup_stm32f103xb.o [1]
  .text              ro code   0x800'70b6     0x4  startup_stm32f103xb.o [1]
  .text              ro code   0x800'70ba     0x4  startup_stm32f103xb.o [1]
  .text              ro code   0x800'70be     0x4  startup_stm32f103xb.o [1]
  .text              ro code   0x800'70c2     0x4  startup_stm32f103xb.o [1]
  .text              ro code   0x800'70c6     0x4  startup_stm32f103xb.o [1]
  .rodata            const     0x800'70ca     0x0  zero_init3.o [4]
  .rodata            const     0x800'70ca     0x0  lz77_init_single.o [4]
  Initializer bytes  const     0x800'70ca    0x5c  <for P2-1>
                             - 0x800'7126  0x703a

"P2", part 1 of 3:                          0x124
  P2-1                        0x2000'0000   0x124  <Init block>
    .data            inited   0x2000'0000    0x68  can_utils.o [1]
    .data            inited   0x2000'0068    0x18  cmd.o [1]
    .data            inited   0x2000'0080    0x14  robomaster.o [1]
    .data            inited   0x2000'0094     0xc  stm32f1xx_hal.o [1]
    .data            inited   0x2000'00a0     0x4  system_stm32f1xx.o [1]
    .data            inited   0x2000'00a4    0x38  xlocale_c.o [2]
    .data            inited   0x2000'00dc    0x48  xlocale_c.o [2]
                            - 0x2000'0124   0x124

"P2", part 2 of 3:                          0x74c
  .bss               zero     0x2000'0124   0x1d8  dlmalloc.o [2]
  .bss               zero     0x2000'02fc   0x10c  cmd.o [1]
  .bss               zero     0x2000'0408    0xa0  robomaster.o [1]
  .bss               zero     0x2000'04a8    0x98  cmd.o [1]
  .bss               zero     0x2000'0540    0x88  usart.o [1]
  .bss               zero     0x2000'05c8    0x80  robomaster.o [1]
  .bss               zero     0x2000'0648    0x80  robomaster.o [1]
  .bss               zero     0x2000'06c8    0x48  tim.o [1]
  .bss               zero     0x2000'0710    0x48  tim.o [1]
  .bss               zero     0x2000'0758    0x48  tim.o [1]
  .bss               zero     0x2000'07a0    0x40  usart.o [1]
  .bss               zero     0x2000'07e0    0x28  can.o [1]
  .bss               zero     0x2000'0808    0x28  can_utils.o [1]
  .bss               zero     0x2000'0830    0x18  dlmalloc.o [2]
  .bss               zero     0x2000'0848     0x4  can_func.o [1]
  .bss               zero     0x2000'084c     0x4  cmd.o [1]
  .bss               zero     0x2000'0850     0x4  flags.o [1]
  .bss               zero     0x2000'0854     0x4  flags.o [1]
  .bss               zero     0x2000'0858     0x4  flags.o [1]
  .bss               zero     0x2000'085c     0x4  flags.o [1]
  .bss               zero     0x2000'0860     0x4  robomaster.o [1]
  .bss               zero     0x2000'0864     0x4  strtok.o [2]
  .bss               zero     0x2000'0868     0x4  xfail_s.o [2]
  .bss               zero     0x2000'086c     0x4  xgetmemchunk.o [2]
                            - 0x2000'0870   0x74c

"P2", part 3 of 3:                         0x2200
  CSTACK                      0x2000'0870  0x1200  <Block>
    CSTACK           uninit   0x2000'0870  0x1200  <Block tail>
  HEAP                        0x2000'1a70  0x1000  <Block>
    HEAP             uninit   0x2000'1a70  0x1000  <Block tail>
                            - 0x2000'2a70  0x2200

Unused ranges:

         From           To      Size
         ----           --      ----
   0x800'7126   0x801'ffff  0x1'8eda
  0x2000'2a70  0x2000'4fff    0x2590


*******************************************************************************
*** INIT TABLE
***

          Address      Size
          -------      ----
Zero (__iar_zero_init3)
    1 destination range, total size 0x74c:
          0x2000'0124  0x74c

Copy/lz77 (__iar_lz77_init_single3)
    1 source range, total size 0x5c (31% of destination):
           0x800'70ca   0x5c
    1 destination range, total size 0x124:
          0x2000'0000  0x124



*******************************************************************************
*** MODULE SUMMARY
***

    Module                  ro code  ro data  rw data
    ------                  -------  -------  -------
command line/config:
    -------------------------------------------------
    Total:

D:\Robot\WorkSpace\robot\EWARM\robot\Obj: [1]
    can.o                       200                40
    can_func.o                  168                 4
    can_utils.o                 454       32      144
    cmd.o                       720        8      448
    cmd_func.o                  716       36
    dma.o                        64
    flags.o                                        16
    gpio.o                       68
    hash.o                      532       48
    main.o                      256
    robomaster.o                644        6      440
    simplelib.o                 104
    startup_stm32f103xb.o       404
    stm32f1xx_hal.o             128        4       12
    stm32f1xx_hal_can.o       1 570
    stm32f1xx_hal_cortex.o      196
    stm32f1xx_hal_dma.o         834
    stm32f1xx_hal_gpio.o        436
    stm32f1xx_hal_msp.o          68
    stm32f1xx_hal_rcc.o       1 226
    stm32f1xx_hal_tim.o       1 612
    stm32f1xx_hal_tim_ex.o      104
    stm32f1xx_hal_uart.o      1 336
    stm32f1xx_it.o               88
    system_stm32f1xx.o           20        9        4
    tim.o                       632               216
    usart.o                     284               200
    utils.o                     158
    -------------------------------------------------
    Total:                   13 022      143    1 524

dl7M_tlf.a: [2]
    abort.o                       6
    dlmalloc.o                3 968               496
    exit.o                        4
    iar_Stoflt.o                452
    iar_Stopfx.o                290
    iar_Stoulx.o                332       80
    iar_Stoxflt.o               540
    isalpha.o                    20
    isspace.o                    20
    low_level_init.o              4
    strcspn.o                    34
    strspn.o                     34
    strtok.o                     76                 4
    tolower.o                    20
    vsnprint.o                   60
    xencoding_8859_1.o           30
    xfail_s.o                    64                 4
    xgetmemchunk.o               44                 4
    xlocale_c.o                 180       47      128
    xmbcurmax.o                  10
    xprintffull.o             3 910
    xsnprout.o                   26
    -------------------------------------------------
    Total:                   10 124      127      636

m7M_tl.a: [3]
    DblAdd.o                    378
    DblCmpGe.o                   46
    DblCmpLe.o                   46
    DblDiv.o                    582
    DblMul.o                    418
    DblSub.o                    226
    DblToFlt.o                  104
    DblToS32.o                   58
    DblToU32.o                   40
    FltAdd.o                    226
    FltCmpGe.o                   36
    FltCmpLe.o                   36
    FltMul.o                    216
    FltSub.o                    128
    FltToDbl.o                   72
    FltToS32.o                   42
    S32ToDbl.o                   34
    S32ToFlt.o                   36
    U32ToDbl.o                   26
    frexp.o                     112
    ldexp.o                     314
    strto64.o                 1 028       72
    -------------------------------------------------
    Total:                    4 204       72

rt7M_tl.a: [4]
    ABImemclr4.o                  6
    ABImemcpy_small.o            24
    ABImemset48.o                50
    ABImemset_small.o            18
    I64DivMod.o                 560
    I64DivZer.o                   2
    cexit.o                      10
    cmain.o                      30
    cstartup_M.o                 12
    data_init.o                  40
    lz77_init_single.o          122
    memchr.o                     88
    strchr.o                     22
    strcmp.o                     18
    strcpy.o                     24
    strlen_small.o               20
    strncpy_small.o              30
    zero_init3.o                 58
    -------------------------------------------------
    Total:                    1 134

shb_l.a: [5]
    ABIassert.o                  36
    exit.o                       20
    -------------------------------------------------
    Total:                       56

    Gaps                         48        4
    Linker created                        32    8 704
-----------------------------------------------------
    Grand Total:             28 588      378   10 864


*******************************************************************************
*** ENTRY LIST
***

Entry                       Address   Size  Type      Object
-----                       -------   ----  ----      ------
.iar.init_table$$Base    0x800'6fa0          --   Gb  - Linker created -
.iar.init_table$$Limit   0x800'6fc0          --   Gb  - Linker created -
?main                    0x800'6fc1         Code  Gb  cmain.o [4]
AHBPrescTable            0x800'6ff8   0x10  Data  Gb  system_stm32f1xx.o [1]
APBPrescTable            0x800'7024    0x8  Data  Gb  system_stm32f1xx.o [1]
BusFault_Handler         0x800'6e27    0x2  Code  Gb  stm32f1xx_it.o [1]
CMD_USART               0x2000'02fc   0x40  Data  Gb  cmd.o [1]
CSTACK$$Base            0x2000'0870          --   Gb  - Linker created -
CSTACK$$Limit           0x2000'1a70          --   Gb  - Linker created -
CacheMore                0x800'20ed   0x24  Code  Lc  xlocale_c.o [2]
DMA1_Channel4_IRQHandler
                         0x800'6e35    0x6  Code  Gb  stm32f1xx_it.o [1]
DMA1_Channel5_IRQHandler
                         0x800'6e3b    0x6  Code  Gb  stm32f1xx_it.o [1]
DMAUSART_RX_BUF         0x2000'04a8   0x64  Data  Gb  cmd.o [1]
DMA_RxOK_Flag           0x2000'0854    0x4  Data  Gb  flags.o [1]
DMA_SetConfig            0x800'5849   0x22  Code  Lc  stm32f1xx_hal_dma.o [1]
DMAaRxBuffer            0x2000'033c   0x64  Data  Gb  cmd.o [1]
DebugMon_Handler         0x800'6e2d    0x2  Code  Gb  stm32f1xx_it.o [1]
Dtentox                  0x800'6439  0x178  Code  Lc  strto64.o [3]
Error_Handler            0x800'376f    0x2  Code  Gb  main.o [1]
HAL_CAN_ActivateNotification
                         0x800'4de5   0x16  Code  Gb  stm32f1xx_hal_can.o [1]
HAL_CAN_AddTxMessage     0x800'4c17   0xc4  Code  Gb  stm32f1xx_hal_can.o [1]
HAL_CAN_ConfigFilter     0x800'4adb   0xbc  Code  Gb  stm32f1xx_hal_can.o [1]
HAL_CAN_GetRxMessage     0x800'4ced   0xe4  Code  Gb  stm32f1xx_hal_can.o [1]
HAL_CAN_IRQHandler       0x800'4e01  0x1f8  Code  Gb  stm32f1xx_hal_can.o [1]
HAL_CAN_Init             0x800'49ed   0xe6  Code  Gb  stm32f1xx_hal_can.o [1]
HAL_CAN_MspInit          0x800'3b6f   0x7c  Code  Gb  can.o [1]
HAL_CAN_RxFifo0FullCallback
                         0x800'4415    0x2  Code  Gb  can_utils.o [1]
HAL_CAN_RxFifo0MsgPendingCallback
                         0x800'438d   0x2e  Code  Gb  can_utils.o [1]
HAL_CAN_Start            0x800'4ba5   0x4c  Code  Gb  stm32f1xx_hal_can.o [1]
HAL_DMA_Abort            0x800'55f7   0x4a  Code  Gb  stm32f1xx_hal_dma.o [1]
HAL_DMA_Abort_IT         0x800'5641   0x94  Code  Gb  stm32f1xx_hal_dma.o [1]
HAL_DMA_IRQHandler       0x800'56e1  0x144  Code  Gb  stm32f1xx_hal_dma.o [1]
HAL_DMA_Init             0x800'5529   0x5a  Code  Gb  stm32f1xx_hal_dma.o [1]
HAL_DMA_Start_IT         0x800'5583   0x74  Code  Gb  stm32f1xx_hal_dma.o [1]
HAL_GPIO_Init            0x800'37e1  0x180  Code  Gb  stm32f1xx_hal_gpio.o [1]
HAL_GetTick              0x800'61bd    0xc  Code  Wk  stm32f1xx_hal.o [1]
HAL_IncTick              0x800'6e79   0x10  Code  Wk  stm32f1xx_hal.o [1]
HAL_Init                 0x800'3a8d   0x20  Code  Gb  stm32f1xx_hal.o [1]
HAL_InitTick             0x800'4969   0x40  Code  Wk  stm32f1xx_hal.o [1]
HAL_MspInit              0x800'49a9   0x44  Code  Gb  stm32f1xx_hal_msp.o [1]
HAL_NVIC_EnableIRQ       0x800'3a03   0x16  Code  Gb  stm32f1xx_hal_cortex.o [1]
HAL_NVIC_SetPriority     0x800'39c9   0x3a  Code  Gb  stm32f1xx_hal_cortex.o [1]
HAL_NVIC_SetPriorityGrouping
                         0x800'39af   0x1a  Code  Gb  stm32f1xx_hal_cortex.o [1]
HAL_RCC_ClockConfig      0x800'47bd   0xf4  Code  Gb  stm32f1xx_hal_rcc.o [1]
HAL_RCC_GetPCLK1Freq     0x800'48ff   0x10  Code  Gb  stm32f1xx_hal_rcc.o [1]
HAL_RCC_GetPCLK2Freq     0x800'490f    0xe  Code  Gb  stm32f1xx_hal_rcc.o [1]
HAL_RCC_GetSysClockFreq
                         0x800'48c5   0x3a  Code  Gb  stm32f1xx_hal_rcc.o [1]
HAL_RCC_GetSysClockFreq::aPLLMULFactorTable
                         0x800'4954   0x10  Data  Lc  stm32f1xx_hal_rcc.o [1]
HAL_RCC_GetSysClockFreq::aPredivFactorTable
                         0x800'4964    0x2  Data  Lc  stm32f1xx_hal_rcc.o [1]
HAL_RCC_OscConfig        0x800'449d  0x318  Code  Gb  stm32f1xx_hal_rcc.o [1]
HAL_SYSTICK_Config       0x800'3a19   0x28  Code  Gb  stm32f1xx_hal_cortex.o [1]
HAL_TIMEx_BreakCallback
                         0x800'366d    0x2  Code  Wk  stm32f1xx_hal_tim_ex.o [1]
HAL_TIMEx_CommutCallback
                         0x800'3671    0x2  Code  Wk  stm32f1xx_hal_tim_ex.o [1]
HAL_TIMEx_MasterConfigSynchronization
                         0x800'377d   0x56  Code  Gb  stm32f1xx_hal_tim_ex.o [1]
HAL_TIM_Base_Init        0x800'2dad   0x1a  Code  Gb  stm32f1xx_hal_tim.o [1]
HAL_TIM_Base_MspInit     0x800'357b   0x34  Code  Gb  tim.o [1]
HAL_TIM_Base_Start_IT    0x800'2dc7   0x5c  Code  Gb  stm32f1xx_hal_tim.o [1]
HAL_TIM_ConfigClockSource
                         0x800'312d   0x90  Code  Gb  stm32f1xx_hal_tim.o [1]
HAL_TIM_Encoder_Init     0x800'2e81   0x96  Code  Gb  stm32f1xx_hal_tim.o [1]
HAL_TIM_Encoder_MspInit
                         0x800'352f   0x4c  Code  Gb  tim.o [1]
HAL_TIM_IRQHandler       0x800'2f17  0x142  Code  Gb  stm32f1xx_hal_tim.o [1]
HAL_TIM_MspPostInit      0x800'35d1   0x3a  Code  Gb  tim.o [1]
HAL_TIM_PWM_ConfigChannel
                         0x800'305f   0xb4  Code  Gb  stm32f1xx_hal_tim.o [1]
HAL_TIM_PWM_Init         0x800'2e49   0x1a  Code  Gb  stm32f1xx_hal_tim.o [1]
HAL_TIM_PWM_MspInit      0x800'35af   0x22  Code  Gb  tim.o [1]
HAL_TIM_PeriodElapsedCallback
                         0x800'3615   0x10  Code  Gb  tim.o [1]
HAL_UART_DMAStop         0x800'5179   0x54  Code  Gb  stm32f1xx_hal_uart.o [1]
HAL_UART_IDLECallback    0x800'4081   0x62  Code  Gb  cmd.o [1]
HAL_UART_IRQHandler      0x800'51d9  0x152  Code  Gb  stm32f1xx_hal_uart.o [1]
HAL_UART_Init            0x800'4ff9   0x1e  Code  Gb  stm32f1xx_hal_uart.o [1]
HAL_UART_MspInit         0x800'3c2b   0xd4  Code  Gb  usart.o [1]
HAL_UART_Receive_DMA     0x800'50e7   0x92  Code  Gb  stm32f1xx_hal_uart.o [1]
HAL_UART_Transmit_DMA    0x800'506f   0x78  Code  Gb  stm32f1xx_hal_uart.o [1]
HAL_UART_TxCpltCallback
                         0x800'41e1    0x2  Code  Gb  cmd.o [1]
HCAN                    0x2000'0808   0x28  Data  Gb  can_utils.o [1]
HEAP$$Base              0x2000'1a70          --   Gb  - Linker created -
HEAP$$Limit             0x2000'2a70          --   Gb  - Linker created -
HardFault_Handler        0x800'6e23    0x2  Code  Gb  stm32f1xx_it.o [1]
HashTable_create         0x800'5f05   0x44  Code  Gb  hash.o [1]
HashTable_get            0x800'5fd5   0x52  Code  Gb  hash.o [1]
HashTable_insert         0x800'5f49   0x84  Code  Gb  hash.o [1]
HashTable_map            0x800'6029   0x6c  Code  Gb  hash.o [1]
LoadInt                  0x800'12ef   0x7a  Code  Lc  xprintffull.o [2]
M2006_init               0x800'3f65   0x20  Code  Gb  robomaster.o [1]
MX_CAN_Init              0x800'3b35   0x3a  Code  Gb  can.o [1]
MX_DMA_Init              0x800'3af5   0x40  Code  Gb  dma.o [1]
MX_GPIO_Init             0x800'3ab1   0x44  Code  Gb  gpio.o [1]
MX_TIM2_Init             0x800'33f1   0x5e  Code  Gb  tim.o [1]
MX_TIM3_Init             0x800'3451   0x60  Code  Gb  tim.o [1]
MX_TIM4_Init             0x800'34c1   0x6e  Code  Gb  tim.o [1]
MX_USART1_UART_Init      0x800'3bfd   0x2e  Code  Gb  usart.o [1]
MemManage_Handler        0x800'6e25    0x2  Code  Gb  stm32f1xx_it.o [1]
NMI_Handler              0x800'6e21    0x2  Code  Gb  stm32f1xx_it.o [1]
PID_Release              0x800'5ded   0x8a  Code  Gb  utils.o [1]
PendSV_Handler           0x800'6e2f    0x2  Code  Gb  stm32f1xx_it.o [1]
Region$$Table$$Base      0x800'6fa0          --   Gb  - Linker created -
Region$$Table$$Limit     0x800'6fc0          --   Gb  - Linker created -
RoboconMaster_Control    0x800'3e57   0x40  Code  Gb  robomaster.o [1]
Robomaster_Position_PID
                        0x2000'0648   0x80  Data  Gb  robomaster.o [1]
Robomaster_Speed_PID    0x2000'05c8   0x80  Data  Gb  robomaster.o [1]
RxHeader                0x2000'0018   0x1c  Data  Gb  can_utils.o [1]
SVC_Handler              0x800'6e2b    0x2  Code  Gb  stm32f1xx_it.o [1]
SysTick_Handler          0x800'6e31    0x4  Code  Gb  stm32f1xx_it.o [1]
SystemClock_Config       0x800'3719   0x56  Code  Gb  main.o [1]
SystemCoreClock         0x2000'00a0    0x4  Data  Gb  system_stm32f1xx.o [1]
SystemInit               0x800'6ff5    0x2  Code  Gb  system_stm32f1xx.o [1]
TIM3_IRQHandler          0x800'6e47    0x6  Code  Gb  stm32f1xx_it.o [1]
TIM3_flag               0x2000'0858    0x4  Data  Gb  flags.o [1]
TIM_Base_SetConfig       0x800'31e7   0x5e  Code  Gb  stm32f1xx_hal_tim.o [1]
TIM_ETR_SetConfig        0x800'33d7   0x14  Code  Gb  stm32f1xx_hal_tim.o [1]
TIM_ITRx_SetConfig       0x800'33c7   0x10  Code  Lc  stm32f1xx_hal_tim.o [1]
TIM_OC1_SetConfig        0x800'3245   0x4a  Code  Lc  stm32f1xx_hal_tim.o [1]
TIM_OC2_SetConfig        0x800'328f   0x52  Code  Gb  stm32f1xx_hal_tim.o [1]
TIM_OC3_SetConfig        0x800'32e1   0x50  Code  Lc  stm32f1xx_hal_tim.o [1]
TIM_OC4_SetConfig        0x800'3331   0x40  Code  Lc  stm32f1xx_hal_tim.o [1]
TIM_TI1_ConfigInputStage
                         0x800'3385   0x1e  Code  Lc  stm32f1xx_hal_tim.o [1]
TIM_TI2_ConfigInputStage
                         0x800'33a3   0x24  Code  Lc  stm32f1xx_hal_tim.o [1]
TxHeader                0x2000'0000   0x18  Data  Gb  can_utils.o [1]
TxMailbox               0x2000'005c    0x4  Data  Gb  can_utils.o [1]
UART_DMAAbortOnError     0x800'5419    0xc  Code  Lc  stm32f1xx_hal_uart.o [1]
UART_DMAError            0x800'53a1   0x4a  Code  Lc  stm32f1xx_hal_uart.o [1]
UART_DMAReceiveCplt      0x800'5361   0x38  Code  Lc  stm32f1xx_hal_uart.o [1]
UART_DMARxHalfCplt       0x800'5399    0x6  Code  Lc  stm32f1xx_hal_uart.o [1]
UART_DMATransmitCplt     0x800'532d   0x2a  Code  Lc  stm32f1xx_hal_uart.o [1]
UART_DMATxHalfCplt       0x800'5359    0x6  Code  Lc  stm32f1xx_hal_uart.o [1]
UART_EndRxTransfer       0x800'53fd   0x1c  Code  Lc  stm32f1xx_hal_uart.o [1]
UART_EndTxTransfer       0x800'53eb   0x12  Code  Lc  stm32f1xx_hal_uart.o [1]
UART_Receive_IT          0x800'5425   0x84  Code  Lc  stm32f1xx_hal_uart.o [1]
UART_SetConfig           0x800'54a9   0x74  Code  Lc  stm32f1xx_hal_uart.o [1]
USART1_IRQHandler        0x800'6e4d   0x14  Code  Gb  stm32f1xx_it.o [1]
USB_LP_CAN1_RX0_IRQHandler
                         0x800'6e41    0x6  Code  Gb  stm32f1xx_it.o [1]
UsageFault_Handler       0x800'6e29    0x2  Code  Gb  stm32f1xx_it.o [1]
_Encoding_8859_1_Mbrlen
                         0x800'2189    0x2  Code  Gb  xencoding_8859_1.o [2]
_Encoding_8859_1_Wctomb
                         0x800'2177   0x12  Code  Gb  xencoding_8859_1.o [2]
_GenldFull               0x800'1d4d  0x274  Code  Lc  xprintffull.o [2]
_LdtobFull               0x800'1949  0x3d6  Code  Lc  xprintffull.o [2]
_LitobFull               0x800'17f9  0x10a  Code  Lc  xprintffull.o [2]
_LocaleC_isalpha         0x800'20b3    0xc  Code  Gb  xlocale_c.o [2]
_LocaleC_islower         0x800'20ad    0x4  Code  Gb  xlocale_c.o [2]
_LocaleC_isspace         0x800'20c9   0x14  Code  Gb  xlocale_c.o [2]
_LocaleC_isupper         0x800'20b1    0x2  Code  Gb  xlocale_c.o [2]
_LocaleC_tolower         0x800'20dd    0xc  Code  Gb  xlocale_c.o [2]
_Locale_lconv           0x2000'00a4   0x38  Data  Lc  xlocale_c.o [2]
_PrintfFull              0x800'112d  0x1aa  Code  Gb  xprintffull.o [2]
_PutcharsFull            0x800'1fc1   0x2e  Code  Lc  xprintffull.o [2]
_PutfldFull              0x800'1369  0x2d4  Code  Lc  xprintffull.o [2]
_PutstrFull              0x800'1733   0xc6  Code  Lc  xprintffull.o [2]
_PuttxtFull              0x800'163d   0xf6  Code  Lc  xprintffull.o [2]
_SNProut                 0x800'224b   0x1a  Code  Gb  xsnprout.o [2]
_Strtok_ssave           0x2000'0864    0x4  Data  Lc  strtok.o [2]
__NVIC_SetPriority       0x800'3995   0x1a  Code  Lc  stm32f1xx_hal_cortex.o [1]
__aeabi_assert           0x800'6869   0x24  Code  Gb  ABIassert.o [5]
__aeabi_cdcmple          0x800'26c1         Code  Gb  DblCmpLe.o [3]
__aeabi_cdrcmple         0x800'26f1         Code  Gb  DblCmpGe.o [3]
__aeabi_cfcmple          0x800'5eb1         Code  Gb  FltCmpLe.o [3]
__aeabi_cfrcmple         0x800'5e8d         Code  Gb  FltCmpGe.o [3]
__aeabi_d2f              0x800'6739         Code  Gb  DblToFlt.o [3]
__aeabi_d2iz             0x800'285d         Code  Gb  DblToS32.o [3]
__aeabi_d2uiz            0x800'2be9         Code  Gb  DblToU32.o [3]
__aeabi_dadd             0x800'2c31         Code  Gb  DblAdd.o [3]
__aeabi_ddiv             0x800'29a1         Code  Gb  DblDiv.o [3]
__aeabi_dmul             0x800'24ad         Code  Gb  DblMul.o [3]
__aeabi_dsub             0x800'28bd         Code  Gb  DblSub.o [3]
__aeabi_f2d              0x800'67a1         Code  Gb  FltToDbl.o [3]
__aeabi_f2iz             0x800'5cdd         Code  Gb  FltToS32.o [3]
__aeabi_fadd             0x800'5d09         Code  Gb  FltAdd.o [3]
__aeabi_fmul             0x800'5c05         Code  Gb  FltMul.o [3]
__aeabi_fsub             0x800'67e9         Code  Gb  FltSub.o [3]
__aeabi_i2d              0x800'2899         Code  Gb  S32ToDbl.o [3]
__aeabi_i2f              0x800'5be1         Code  Gb  S32ToFlt.o [3]
__aeabi_ldiv0            0x800'2c2d         Code  Gb  I64DivZer.o [4]
__aeabi_memclr4          0x800'3675         Code  Gb  ABImemclr4.o [4]
__aeabi_ui2d             0x800'2c11         Code  Gb  U32ToDbl.o [3]
__aeabi_uldivmod         0x800'227d         Code  Gb  I64DivMod.o [4]
__cmain                  0x800'6fc1         Code  Gb  cmain.o [4]
__data_GetMemChunk       0x800'10ed   0x2c  Code  Gb  xgetmemchunk.o [2]
__data_GetMemChunk::start
                        0x2000'086c    0x4  Data  Lc  xgetmemchunk.o [2]
__exit                   0x800'1119   0x14  Code  Gb  exit.o [5]
__iar_Fail_s             0x800'2195   0x1c  Code  Gb  xfail_s.o [2]
__iar_Mbcurmax           0x800'2241    0xa  Code  Gb  xmbcurmax.o [2]
__iar_Memchr             0x800'21e9         Code  Gb  memchr.o [4]
__iar_Memset4_word       0x800'3a59         Code  Gb  ABImemset48.o [4]
__iar_Memset8_word       0x800'3a59         Code  Gb  ABImemset48.o [4]
__iar_Sto64              0x800'65b1  0x152  Code  Gb  strto64.o [3]
__iar_Stoflt             0x800'6a2d  0x1c4  Code  Gb  iar_Stoflt.o [2]
__iar_Stopfx             0x800'690b  0x122  Code  Gb  iar_Stopfx.o [2]
__iar_Stoulx             0x800'61e9  0x13a  Code  Gb  iar_Stoulx.o [2]
__iar_Stoxflt            0x800'6bf1  0x1e6  Code  Gb  iar_Stoxflt.o [2]
__iar_Stoxflt::digits    0x800'6ddc   0x18  Data  Lc  iar_Stoxflt.o [2]
__iar_Stoxflt::vals      0x800'6df4   0x18  Data  Lc  iar_Stoxflt.o [2]
__iar_Strchr             0x800'2161         Code  Gb  strchr.o [4]
__iar_dadd               0x800'28cd         Code  Gb  DblSub.o [3]
__iar_data_init3         0x800'6f79   0x28  Code  Gb  data_init.o [4]
__iar_dlmalloc           0x800'0db1  0x2b6  Code  Gb  dlmalloc.o [2]
__iar_dsub               0x800'2c41         Code  Gb  DblAdd.o [3]
__iar_dsubStart          0x800'2c53         Code  Gb  DblAdd.o [3]
__iar_fadd               0x800'67f5         Code  Gb  FltSub.o [3]
__iar_frexp              0x800'265d         Code  Gb  frexp.o [3]
__iar_frexp64            0x800'2651         Code  Gb  frexp.o [3]
__iar_frexpl             0x800'265d         Code  Gb  frexp.o [3]
__iar_fsub               0x800'5d15         Code  Gb  FltAdd.o [3]
__iar_fsubStart          0x800'5d25         Code  Gb  FltAdd.o [3]
__iar_globLocale        0x2000'00dc   0x48  Data  Lc  xlocale_c.o [2]
__iar_global_Locale      0x800'20e9    0x4  Code  Gb  xlocale_c.o [2]
__iar_ldexp64            0x800'2721         Code  Gb  ldexp.o [3]
__iar_lz77_init_single3
                         0x800'1073   0x7a  Code  Gb  lz77_init_single.o [4]
__iar_program_start      0x800'7019         Code  Gb  cstartup_M.o [4]
__iar_scalbln64          0x800'2721         Code  Gb  ldexp.o [3]
__iar_scalbn64           0x800'2721         Code  Gb  ldexp.o [3]
__iar_small_Memcpy       0x800'2269         Code  Gb  ABImemcpy_small.o [4]
__iar_small_Memset       0x800'688d         Code  Gb  ABImemset_small.o [4]
__iar_small_Memset_word
                         0x800'688d         Code  Gb  ABImemset_small.o [4]
__iar_small_memcpy       0x800'2265         Code  Gb  ABImemcpy_small.o [4]
__iar_small_memcpy4      0x800'2265         Code  Gb  ABImemcpy_small.o [4]
__iar_small_memcpy8      0x800'2265         Code  Gb  ABImemcpy_small.o [4]
__iar_small_memset       0x800'688d         Code  Gb  ABImemset_small.o [4]
__iar_small_strlen       0x800'21d5         Code  Gb  strlen_small.o [4]
__iar_small_strncpy      0x800'60e9         Code  Gb  strncpy_small.o [4]
__iar_zero_init3         0x800'2073   0x3a  Code  Gb  zero_init3.o [4]
__low_level_init         0x800'6fdf    0x4  Code  Gb  low_level_init.o [2]
__vector_table           0x800'0000         Data  Gb  startup_stm32f103xb.o [1]
_call_main               0x800'6fcd         Code  Gb  cmain.o [4]
_cmd_help                0x800'4271    0xc  Code  Lc  cmd.o [1]
_exit                    0x800'6fe9         Code  Gb  cexit.o [4]
_gLocale_mblen           0x800'214d    0x4  Code  Gb  xlocale_c.o [2]
_gLocale_mblenInt        0x800'2111   0x2c  Code  Gb  xlocale_c.o [2]
_gLocale_wctomb          0x800'2151    0x4  Code  Gb  xlocale_c.o [2]
_gLocale_wctombInt       0x800'2149    0x4  Code  Gb  xlocale_c.o [2]
_gm_                    0x2000'0124  0x1d8  Data  Lc  dlmalloc.o [2]
_main                    0x800'6fdb         Code  Gb  cmain.o [4]
abort                    0x800'106d    0x6  Code  Gb  abort.o [2]
add_segment              0x800'04b5  0x1f2  Code  Lc  dlmalloc.o [2]
atof                     0x800'6731    0x8  Code  Gb  strto64.o [3]
atoi                     0x800'6329    0x2  Code  Gb  iar_Stoulx.o [2]
buffer_count            0x2000'050c    0x4  Data  Gb  cmd.o [1]
can_callback_add         0x800'4345   0x1e  Code  Gb  can_utils.o [1]
can_callback_table      0x2000'0058    0x4  Data  Lc  can_utils.o [1]
can_data_show_flag      0x2000'0848    0x4  Data  Gb  can_func.o [1]
can_exc_callback         0x800'4363   0x2a  Code  Gb  can_utils.o [1]
can_exc_callback_flag   0x2000'0850    0x4  Data  Gb  flags.o [1]
can_func_init            0x800'5b39   0x32  Code  Gb  can_func.o [1]
can_init                 0x800'42d5   0x70  Code  Gb  can_utils.o [1]
can_robomaster_rcv       0x800'3d81   0xd6  Code  Gb  robomaster.o [1]
can_robomaster_rcv::first_flag
                        0x2000'0084   0x10  Data  Lc  robomaster.o [1]
can_rx_callback_flag    0x2000'0050    0x4  Data  Gb  can_utils.o [1]
can_rx_data             0x2000'0038    0x8  Data  Gb  can_utils.o [1]
can_send_msg             0x800'43e7    0xc  Code  Gb  can_utils.o [1]
can_send_test            0x800'43bd   0x2a  Code  Gb  can_utils.o [1]
can_show_button          0x800'5b75    0xe  Code  Gb  can_func.o [1]
can_show_rocker          0x800'5b85   0x28  Code  Gb  can_func.o [1]
can_std_mask_filter_conf
                         0x800'4417   0x60  Code  Gb  can_utils.o [1]
can_suc_rx               0x800'5b6d    0x6  Code  Gb  can_func.o [1]
can_tx_data             0x2000'0040    0x8  Data  Gb  can_utils.o [1]
cmd_add                  0x800'4161   0x52  Code  Gb  cmd.o [1]
cmd_argv                0x2000'0510   0x30  Data  Gb  cmd.o [1]
cmd_can_test             0x800'5875   0x12  Code  Gb  cmd_func.o [1]
cmd_exec                 0x800'4111   0x32  Code  Gb  cmd.o [1]
cmd_func_init            0x800'5951   0x66  Code  Gb  cmd_func.o [1]
cmd_hello_func           0x800'586d    0x6  Code  Gb  cmd_func.o [1]
cmd_help_func            0x800'4145   0x1c  Code  Gb  cmd.o [1]
cmd_init                 0x800'4031   0x28  Code  Gb  cmd.o [1]
cmd_parse                0x800'40e5   0x2c  Code  Gb  cmd.o [1]
cmd_set_goal             0x800'58c5   0x1a  Code  Gb  cmd_func.o [1]
cmd_set_pid              0x800'58df   0x56  Code  Gb  cmd_func.o [1]
cmd_set_pos              0x800'5935   0x1a  Code  Gb  cmd_func.o [1]
cmd_show_rocker          0x800'5889   0x12  Code  Gb  cmd_func.o [1]
cmd_stop_rocker          0x800'589d    0xe  Code  Gb  cmd_func.o [1]
cmd_table               0x2000'084c    0x4  Data  Lc  cmd.o [1]
cmd_wave_test            0x800'58ab   0x18  Code  Gb  cmd_func.o [1]
cmpAtom                  0x800'5ed5    0xc  Code  Lc  hash.o [1]
cnt                     0x2000'0080    0x4  Data  Lc  robomaster.o [1]
ddiv                     0x800'63ab   0x76  Code  Lc  strto64.o [3]
digits                   0x800'6eb0   0x28  Data  Lc  iar_Stoulx.o [2]
dmul                     0x800'6335   0x76  Code  Lc  strto64.o [3]
exit                     0x800'6fe3    0x4  Code  Gb  exit.o [2]
freeKeyAtom              0x800'5ee5    0x2  Code  Lc  hash.o [1]
frexp                    0x800'2651         Code  Gb  frexp.o [3]
frexpl                   0x800'2651         Code  Gb  frexp.o [3]
hashAtom                 0x800'5ee1    0x4  Code  Lc  hash.o [1]
hashStr                  0x800'5ee7   0x1e  Code  Gb  hash.o [1]
hash_id                  0x800'4479    0x4  Code  Lc  can_utils.o [1]
hcan                    0x2000'07e0   0x28  Data  Gb  can.o [1]
hdma_usart1_rx          0x2000'0540   0x44  Data  Gb  usart.o [1]
hdma_usart1_tx          0x2000'0584   0x44  Data  Gb  usart.o [1]
htim2                   0x2000'06c8   0x48  Data  Gb  tim.o [1]
htim3                   0x2000'0710   0x48  Data  Gb  tim.o [1]
htim4                   0x2000'0758   0x48  Data  Gb  tim.o [1]
huart1                  0x2000'07a0   0x40  Data  Gb  usart.o [1]
id_cmp                   0x800'447d   0x10  Code  Lc  can_utils.o [1]
init_mparams             0x800'0107   0x32  Code  Lc  dlmalloc.o [2]
init_top                 0x800'0139   0x36  Code  Lc  dlmalloc.o [2]
isalpha                  0x800'6e0d   0x14  Code  Gb  isalpha.o [2]
isspace                  0x800'68e3   0x14  Code  Gb  isspace.o [2]
ldexp                    0x800'2721         Code  Gb  ldexp.o [3]
ldexpl                   0x800'2721         Code  Gb  ldexp.o [3]
localeconv               0x800'2155    0x4  Code  Gb  xlocale_c.o [2]
main                     0x800'367d   0x80  Code  Gb  main.o [1]
memchr                   0x800'21e9         Code  Gb  memchr.o [4]
mparams                 0x2000'0830   0x18  Data  Lc  dlmalloc.o [2]
ndigs                    0x800'6e88   0x28  Data  Lc  iar_Stoulx.o [2]
pows                     0x800'6f00   0x48  Data  Lc  strto64.o [3]
prepend_alloc            0x800'016f  0x346  Code  Lc  dlmalloc.o [2]
print_buffer            0x2000'03a0   0x68  Data  Gb  cmd.o [1]
reset_PID                0x800'5e81    0xa  Code  Gb  utils.o [1]
robomaster              0x2000'0408   0xa0  Data  Gb  robomaster.o [1]
robomaster_pid_control   0x800'3e97   0x98  Code  Gb  robomaster.o [1]
robomaster_set_current   0x800'3f2f   0x36  Code  Gb  robomaster.o [1]
rx_buffer               0x2000'0048    0x8  Data  Lc  can_utils.o [1]
rx_id                   0x2000'0054    0x4  Data  Gb  can_utils.o [1]
s                       0x2000'0068   0x18  Data  Lc  cmd.o [1]
scalbln                  0x800'2721         Code  Gb  ldexp.o [3]
scalblnl                 0x800'2721         Code  Gb  ldexp.o [3]
scalbn                   0x800'2721         Code  Gb  ldexp.o [3]
scalbnl                  0x800'2721         Code  Gb  ldexp.o [3]
scale                    0x800'1903   0x46  Code  Lc  xprintffull.o [2]
sec_hand                0x2000'0868    0x4  Data  Lc  xfail_s.o [2]
segment_holding          0x800'00ed   0x1a  Code  Lc  dlmalloc.o [2]
send_wave                0x800'41ed   0x4e  Code  Gb  cmd.o [1]
send_wave_flag          0x2000'085c    0x4  Data  Gb  flags.o [1]
simplelib_init           0x800'3d19   0x28  Code  Gb  simplelib.o [1]
simplelib_run            0x800'3d41   0x20  Code  Gb  simplelib.o [1]
std_id                  0x2000'0060    0x8  Data  Gb  can_utils.o [1]
str_cmp                  0x800'4261    0xe  Code  Lc  cmd.o [1]
strchr                   0x800'2161         Code  Gb  strchr.o [4]
strcmp                   0x800'61a9         Code  Gb  strcmp.o [4]
strcpy                   0x800'6155         Code  Gb  strcpy.o [4]
strcspn                  0x800'68c1   0x22  Code  Gb  strcspn.o [2]
strspn                   0x800'689f   0x22  Code  Gb  strspn.o [2]
strtok                   0x800'6109   0x4c  Code  Gb  strtok.o [2]
sys_alloc                0x800'06ad  0x164  Code  Lc  dlmalloc.o [2]
tmalloc_large            0x800'081d  0x386  Code  Lc  dlmalloc.o [2]
tmalloc_small            0x800'0ba3  0x200  Code  Lc  dlmalloc.o [2]
tolower                  0x800'68f7   0x14  Code  Gb  tolower.o [2]
uprintf                  0x800'41b5   0x2c  Code  Gb  cmd.o [1]
usart_DMA_init           0x800'4005   0x2a  Code  Gb  cmd.o [1]
usart_exc_DMA            0x800'4059   0x28  Code  Gb  cmd.o [1]
uwTick                  0x2000'0098    0x4  Data  Gb  stm32f1xx_hal.o [1]
uwTickFreq              0x2000'0094    0x1  Data  Gb  stm32f1xx_hal.o [1]
uwTickPrio              0x2000'009c    0x4  Data  Gb  stm32f1xx_hal.o [1]
ver_slide_error         0x2000'0860    0x4  Data  Gb  robomaster.o [1]
vsnprintf                0x800'616d   0x3c  Code  Gb  vsnprint.o [2]


[1] = D:\Robot\WorkSpace\robot\EWARM\robot\Obj
[2] = dl7M_tlf.a
[3] = m7M_tl.a
[4] = rt7M_tl.a
[5] = shb_l.a

  28 588 bytes of readonly  code memory
     378 bytes of readonly  data memory
  10 864 bytes of readwrite data memory

Errors: none
Warnings: none
